-test.shuffle 1785979677817634922
2026/08/06 01:27:57 oashttp: oashttp: recovered panic: boom
goroutine 41 [running]:
runtime/debug.Stack()
	/opt/hostedtoolcache/go/1.26.5/x64/src/runtime/debug/stack.go:26 +0x5e
github.com/sevlumen/oashttp/v2.(*App).build.recoverPanics.func1.1()
	/home/runner/work/oashttp/oashttp/recovery.go:44 +0x94
panic({0x7d4620?, 0x8911c0?})
	/opt/hostedtoolcache/go/1.26.5/x64/src/runtime/panic.go:860 +0x13a
github.com/sevlumen/oashttp/v2.TestRecoveryUsesConfiguredFailureFormatter.func1({0x7e9500?, 0xc21460?}, {})
	/home/runner/work/oashttp/oashttp/recovery_test.go:68 +0x39
github.com/sevlumen/oashttp/v2.mapOperation[...].func1({0x7e9500, 0xc21460, 0x6cd44f?})
	/home/runner/work/oashttp/oashttp/map.go:41 +0x8b
github.com/sevlumen/oashttp/v2/internal/operation.Compile.func1({0x896958, 0x10384d0af740}, 0x10384d22a780)
	/home/runner/work/oashttp/oashttp/internal/operation/compile.go:139 +0x743
net/http.HandlerFunc.ServeHTTP(0x10384d0d8900?, {0x896958?, 0x10384d0af740?}, 0x10384d1afc38?)
	/opt/hostedtoolcache/go/1.26.5/x64/src/net/http/server.go:2286 +0x29
net/http.(*ServeMux).ServeHTTP(0x10384d1afb30?, {0x896958, 0x10384d0af740}, 0x10384d22a780)
	/opt/hostedtoolcache/go/1.26.5/x64/src/net/http/server.go:2828 +0x1c7
github.com/sevlumen/oashttp/v2.(*App).build.recoverPanics.func1({0x896898, 0x10384d0bdc80}, 0x10384d22a780)
	/home/runner/work/oashttp/oashttp/recovery.go:55 +0x148
net/http.HandlerFunc.ServeHTTP(0x8978a8?, {0x896898?, 0x10384d0bdc80?}, 0x3?)
	/opt/hostedtoolcache/go/1.26.5/x64/src/net/http/server.go:2286 +0x29
github.com/sevlumen/oashttp/v2.TestRecoveryUsesConfiguredFailureFormatter(0x10384d220d88)
	/home/runner/work/oashttp/oashttp/recovery_test.go:72 +0x47b
testing.tRunner(0x10384d220d88, 0x88df58)
	/opt/hostedtoolcache/go/1.26.5/x64/src/testing/testing.go:2036 +0xea
created by testing.(*T).Run in goroutine 1
	/opt/hostedtoolcache/go/1.26.5/x64/src/testing/testing.go:2101 +0x4c5
2026/08/06 01:27:57 oashttp: oashttp: recovered panic: middleware
goroutine 43 [running]:
runtime/debug.Stack()
	/opt/hostedtoolcache/go/1.26.5/x64/src/runtime/debug/stack.go:26 +0x5e
github.com/sevlumen/oashttp/v2.(*App).build.recoverPanics.func1.1()
	/home/runner/work/oashttp/oashttp/recovery.go:44 +0x94
panic({0x7d4620?, 0x8911f0?})
	/opt/hostedtoolcache/go/1.26.5/x64/src/runtime/panic.go:860 +0x13a
github.com/sevlumen/oashttp/v2.TestRecoveryCoversUserMiddleware.func1.1({0x20?, 0x8309c0?}, 0x865701?)
	/home/runner/work/oashttp/oashttp/recovery_test.go:37 +0x25
net/http.HandlerFunc.ServeHTTP(0x10384d18db68?, {0x896958?, 0x10384d0af800?}, 0x86c940?)
	/opt/hostedtoolcache/go/1.26.5/x64/src/net/http/server.go:2286 +0x29
github.com/sevlumen/oashttp/v2.(*App).build.recoverPanics.func1({0x896898, 0x10384d0bde00}, 0x10384d22aa00)
	/home/runner/work/oashttp/oashttp/recovery.go:55 +0x148
net/http.HandlerFunc.ServeHTTP(0x8978a8?, {0x896898?, 0x10384d0bde00?}, 0xb9f620?)
	/opt/hostedtoolcache/go/1.26.5/x64/src/net/http/server.go:2286 +0x29
github.com/sevlumen/oashttp/v2.TestRecoveryCoversUserMiddleware(0x10384d221448)
	/home/runner/work/oashttp/oashttp/recovery_test.go:42 +0x3bb
testing.tRunner(0x10384d221448, 0x88df50)
	/opt/hostedtoolcache/go/1.26.5/x64/src/testing/testing.go:2036 +0xea
created by testing.(*T).Run in goroutine 1
	/opt/hostedtoolcache/go/1.26.5/x64/src/testing/testing.go:2101 +0x4c5
--- FAIL: TestStableVersion (0.00s)
    version_test.go:7: Version="2.0.0"
2026/08/06 01:27:57 oashttp: oashttp: recovered panic: boom
goroutine 69 [running]:
runtime/debug.Stack()
	/opt/hostedtoolcache/go/1.26.5/x64/src/runtime/debug/stack.go:26 +0x5e
github.com/sevlumen/oashttp/v2.(*App).build.recoverPanics.func1.1()
	/home/runner/work/oashttp/oashttp/recovery.go:44 +0x94
panic({0x7d4620?, 0x8911c0?})
	/opt/hostedtoolcache/go/1.26.5/x64/src/runtime/panic.go:860 +0x13a
github.com/sevlumen/oashttp/v2.TestRecoveryUsesConfiguredFailureFormatter.func1({0x7e9500?, 0xc21460?}, {})
	/home/runner/work/oashttp/oashttp/recovery_test.go:68 +0x39
github.com/sevlumen/oashttp/v2.mapOperation[...].func1({0x7e9500, 0xc21460, 0x6cd44f?})
	/home/runner/work/oashttp/oashttp/map.go:41 +0x8b
github.com/sevlumen/oashttp/v2/internal/operation.Compile.func1({0x896958, 0x10384d26ebe0}, 0x10384d28bcc0)
	/home/runner/work/oashttp/oashttp/internal/operation/compile.go:139 +0x743
net/http.HandlerFunc.ServeHTTP(0x10384d0d9380?, {0x896958?, 0x10384d26ebe0?}, 0x10384d1afc38?)
	/opt/hostedtoolcache/go/1.26.5/x64/src/net/http/server.go:2286 +0x29
net/http.(*ServeMux).ServeHTTP(0x10384d1afb30?, {0x896958, 0x10384d26ebe0}, 0x10384d28bcc0)
	/opt/hostedtoolcache/go/1.26.5/x64/src/net/http/server.go:2828 +0x1c7
github.com/sevlumen/oashttp/v2.(*App).build.recoverPanics.func1({0x896898, 0x10384d246cc0}, 0x10384d28bcc0)
	/home/runner/work/oashttp/oashttp/recovery.go:55 +0x148
net/http.HandlerFunc.ServeHTTP(0x8978a8?, {0x896898?, 0x10384d246cc0?}, 0x3?)
	/opt/hostedtoolcache/go/1.26.5/x64/src/net/http/server.go:2286 +0x29
github.com/sevlumen/oashttp/v2.TestRecoveryUsesConfiguredFailureFormatter(0x10384d2bad88)
	/home/runner/work/oashttp/oashttp/recovery_test.go:72 +0x47b
testing.tRunner(0x10384d2bad88, 0x88df58)
	/opt/hostedtoolcache/go/1.26.5/x64/src/testing/testing.go:2036 +0xea
created by testing.(*T).Run in goroutine 1
	/opt/hostedtoolcache/go/1.26.5/x64/src/testing/testing.go:2101 +0x4c5
2026/08/06 01:27:57 oashttp: oashttp: recovered panic: middleware
goroutine 71 [running]:
runtime/debug.Stack()
	/opt/hostedtoolcache/go/1.26.5/x64/src/runtime/debug/stack.go:26 +0x5e
github.com/sevlumen/oashttp/v2.(*App).build.recoverPanics.func1.1()
	/home/runner/work/oashttp/oashttp/recovery.go:44 +0x94
panic({0x7d4620?, 0x8911f0?})
	/opt/hostedtoolcache/go/1.26.5/x64/src/runtime/panic.go:860 +0x13a
github.com/sevlumen/oashttp/v2.TestRecoveryCoversUserMiddleware.func1.1({0x20?, 0x8309c0?}, 0x865701?)
	/home/runner/work/oashttp/oashttp/recovery_test.go:37 +0x25
net/http.HandlerFunc.ServeHTTP(0x10384d18db68?, {0x896958?, 0x10384d26ec80?}, 0x86c940?)
	/opt/hostedtoolcache/go/1.26.5/x64/src/net/http/server.go:2286 +0x29
github.com/sevlumen/oashttp/v2.(*App).build.recoverPanics.func1({0x896898, 0x10384d246dc0}, 0x10384d2da140)
	/home/runner/work/oashttp/oashttp/recovery.go:55 +0x148
net/http.HandlerFunc.ServeHTTP(0x8978a8?, {0x896898?, 0x10384d246dc0?}, 0xb9f620?)
	/opt/hostedtoolcache/go/1.26.5/x64/src/net/http/server.go:2286 +0x29
github.com/sevlumen/oashttp/v2.TestRecoveryCoversUserMiddleware(0x10384d2bb448)
	/home/runner/work/oashttp/oashttp/recovery_test.go:42 +0x3bb
testing.tRunner(0x10384d2bb448, 0x88df50)
	/opt/hostedtoolcache/go/1.26.5/x64/src/testing/testing.go:2036 +0xea
created by testing.(*T).Run in goroutine 1
	/opt/hostedtoolcache/go/1.26.5/x64/src/testing/testing.go:2101 +0x4c5
--- FAIL: TestStableVersion (0.00s)
    version_test.go:7: Version="2.0.0"
2026/08/06 01:27:57 oashttp: oashttp: recovered panic: boom
goroutine 97 [running]:
runtime/debug.Stack()
	/opt/hostedtoolcache/go/1.26.5/x64/src/runtime/debug/stack.go:26 +0x5e
github.com/sevlumen/oashttp/v2.(*App).build.recoverPanics.func1.1()
	/home/runner/work/oashttp/oashttp/recovery.go:44 +0x94
panic({0x7d4620?, 0x8911c0?})
	/opt/hostedtoolcache/go/1.26.5/x64/src/runtime/panic.go:860 +0x13a
github.com/sevlumen/oashttp/v2.TestRecoveryUsesConfiguredFailureFormatter.func1({0x7e9500?, 0xc21460?}, {})
	/home/runner/work/oashttp/oashttp/recovery_test.go:68 +0x39
github.com/sevlumen/oashttp/v2.mapOperation[...].func1({0x7e9500, 0xc21460, 0x6cd44f?})
	/home/runner/work/oashttp/oashttp/map.go:41 +0x8b
github.com/sevlumen/oashttp/v2/internal/operation.Compile.func1({0x896958, 0x10384d35e060}, 0x10384d331400)
	/home/runner/work/oashttp/oashttp/internal/operation/compile.go:139 +0x743
net/http.HandlerFunc.ServeHTTP(0x10384d0d9e00?, {0x896958?, 0x10384d35e060?}, 0x10384d1afc38?)
	/opt/hostedtoolcache/go/1.26.5/x64/src/net/http/server.go:2286 +0x29
net/http.(*ServeMux).ServeHTTP(0x10384d1afb30?, {0x896958, 0x10384d35e060}, 0x10384d331400)
	/opt/hostedtoolcache/go/1.26.5/x64/src/net/http/server.go:2828 +0x1c7
github.com/sevlumen/oashttp/v2.(*App).build.recoverPanics.func1({0x896898, 0x10384d247b80}, 0x10384d331400)
	/home/runner/work/oashttp/oashttp/recovery.go:55 +0x148
net/http.HandlerFunc.ServeHTTP(0x8978a8?, {0x896898?, 0x10384d247b80?}, 0x3?)
	/opt/hostedtoolcache/go/1.26.5/x64/src/net/http/server.go:2286 +0x29
github.com/sevlumen/oashttp/v2.TestRecoveryUsesConfiguredFailureFormatter(0x10384d34ad88)
	/home/runner/work/oashttp/oashttp/recovery_test.go:72 +0x47b
testing.tRunner(0x10384d34ad88, 0x88df58)
	/opt/hostedtoolcache/go/1.26.5/x64/src/testing/testing.go:2036 +0xea
created by testing.(*T).Run in goroutine 1
	/opt/hostedtoolcache/go/1.26.5/x64/src/testing/testing.go:2101 +0x4c5
2026/08/06 01:27:57 oashttp: oashttp: recovered panic: middleware
goroutine 99 [running]:
runtime/debug.Stack()
	/opt/hostedtoolcache/go/1.26.5/x64/src/runtime/debug/stack.go:26 +0x5e
github.com/sevlumen/oashttp/v2.(*App).build.recoverPanics.func1.1()
	/home/runner/work/oashttp/oashttp/recovery.go:44 +0x94
panic({0x7d4620?, 0x8911f0?})
	/opt/hostedtoolcache/go/1.26.5/x64/src/runtime/panic.go:860 +0x13a
github.com/sevlumen/oashttp/v2.TestRecoveryCoversUserMiddleware.func1.1({0x20?, 0x8309c0?}, 0x865701?)
	/home/runner/work/oashttp/oashttp/recovery_test.go:37 +0x25
net/http.HandlerFunc.ServeHTTP(0x10384d18db68?, {0x896958?, 0x10384d35e100?}, 0x86c940?)
	/opt/hostedtoolcache/go/1.26.5/x64/src/net/http/server.go:2286 +0x29
github.com/sevlumen/oashttp/v2.(*App).build.recoverPanics.func1({0x896898, 0x10384d247c80}, 0x10384d331680)
	/home/runner/work/oashttp/oashttp/recovery.go:55 +0x148
net/http.HandlerFunc.ServeHTTP(0x8978a8?, {0x896898?, 0x10384d247c80?}, 0xb9f620?)
	/opt/hostedtoolcache/go/1.26.5/x64/src/net/http/server.go:2286 +0x29
github.com/sevlumen/oashttp/v2.TestRecoveryCoversUserMiddleware(0x10384d34b448)
	/home/runner/work/oashttp/oashttp/recovery_test.go:42 +0x3bb
testing.tRunner(0x10384d34b448, 0x88df50)
	/opt/hostedtoolcache/go/1.26.5/x64/src/testing/testing.go:2036 +0xea
created by testing.(*T).Run in goroutine 1
	/opt/hostedtoolcache/go/1.26.5/x64/src/testing/testing.go:2101 +0x4c5
--- FAIL: TestStableVersion (0.00s)
    version_test.go:7: Version="2.0.0"
FAIL
FAIL	github.com/sevlumen/oashttp/v2	0.015s
ok  	github.com/sevlumen/oashttp/v2/benchmarks	0.006s [no tests to run]
ok  	github.com/sevlumen/oashttp/v2/examples/users-api	0.019s
ok  	github.com/sevlumen/oashttp/v2/internal/binding	0.015s
ok  	github.com/sevlumen/oashttp/v2/internal/core	0.013s
ok  	github.com/sevlumen/oashttp/v2/internal/docs	0.007s
ok  	github.com/sevlumen/oashttp/v2/internal/failure	0.005s
ok  	github.com/sevlumen/oashttp/v2/internal/oas31	0.004s
ok  	github.com/sevlumen/oashttp/v2/internal/operation	0.009s
ok  	github.com/sevlumen/oashttp/v2/internal/route	0.005s
ok  	github.com/sevlumen/oashttp/v2/internal/schema	0.003s
ok  	github.com/sevlumen/oashttp/v2/internal/security	0.003s
ok  	github.com/sevlumen/oashttp/v2/internal/validation	0.003s
FAIL
